PRT1
8
12
24
4 0 4 0 (0 0 0 ) (0 0 216 ) (0 208 216 ) (0 208 0 ) 
4 0 2 0 (0 0 216 ) (0 0 0 ) (304 0 0 ) (304 0 216 ) 
4 0 1 0 (304 0 0 ) (0 0 0 ) (0 208 0 ) (304 208 0 ) 
4 1 5 0 (0 0 -160 ) (0 0 0 ) (0 208 0 ) (0 208 -160 ) 
4 1 3 0 (0 0 0 ) (0 0 -160 ) (304 0 -160 ) (304 0 0 ) 
4 2 6 0 (0 0 216 ) (0 0 0 ) (0 -248 0 ) (0 -248 216 ) 
4 2 3 0 (0 -248 0 ) (0 0 0 ) (304 0 0 ) (304 -248 0 ) 
4 3 7 0 (0 -248 -160 ) (0 -248 0 ) (0 0 0 ) (0 0 -160 ) 
4 4 6 0 (-216 0 0 ) (0 0 0 ) (0 0 216 ) (-216 0 216 ) 
4 4 5 0 (0 0 0 ) (-216 0 0 ) (-216 208 0 ) (0 208 0 ) 
4 5 7 0 (0 0 -160 ) (0 0 0 ) (-216 0 0 ) (-216 0 -160 ) 
4 6 7 0 (-216 0 0 ) (0 0 0 ) (0 -248 0 ) (-216 -248 0 ) 
4 0 (0 208 216 ) (0 0 216 ) (304 0 216 ) (304 208 216 ) 
4 0 (304 208 216 ) (304 0 216 ) (304 0 0 ) (304 208 0 ) 
4 0 (0 208 216 ) (304 208 216 ) (304 208 0 ) (0 208 0 ) 
4 1 (0 208 0 ) (304 208 0 ) (304 208 -160 ) (0 208 -160 ) 
4 1 (304 0 -160 ) (0 0 -160 ) (0 208 -160 ) (304 208 -160 ) 
4 1 (304 0 0 ) (304 0 -160 ) (304 208 -160 ) (304 208 0 ) 
4 2 (304 0 216 ) (0 0 216 ) (0 -248 216 ) (304 -248 216 ) 
4 2 (0 -248 216 ) (0 -248 0 ) (304 -248 0 ) (304 -248 216 ) 
4 2 (304 0 216 ) (304 -248 216 ) (304 -248 0 ) (304 0 0 ) 
4 3 (304 0 -160 ) (304 0 0 ) (304 -248 0 ) (304 -248 -160 ) 
4 3 (304 -248 0 ) (0 -248 0 ) (0 -248 -160 ) (304 -248 -160 ) 
4 3 (0 0 -160 ) (304 0 -160 ) (304 -248 -160 ) (0 -248 -160 ) 
4 4 (0 208 216 ) (-216 208 216 ) (-216 0 216 ) (0 0 216 ) 
4 4 (-216 208 0 ) (-216 0 0 ) (-216 0 216 ) (-216 208 216 ) 
4 4 (0 208 0 ) (-216 208 0 ) (-216 208 216 ) (0 208 216 ) 
4 5 (0 208 0 ) (0 208 -160 ) (-216 208 -160 ) (-216 208 0 ) 
4 5 (-216 0 -160 ) (-216 0 0 ) (-216 208 0 ) (-216 208 -160 ) 
4 5 (0 0 -160 ) (-216 0 -160 ) (-216 208 -160 ) (0 208 -160 ) 
4 6 (0 -248 216 ) (0 0 216 ) (-216 0 216 ) (-216 -248 216 ) 
4 6 (-216 0 216 ) (-216 0 0 ) (-216 -248 0 ) (-216 -248 216 ) 
4 6 (0 -248 216 ) (-216 -248 216 ) (-216 -248 0 ) (0 -248 0 ) 
4 7 (-216 -248 -160 ) (-216 0 -160 ) (0 0 -160 ) (0 -248 -160 ) 
4 7 (-216 -248 0 ) (-216 0 0 ) (-216 0 -160 ) (-216 -248 -160 ) 
4 7 (-216 -248 0 ) (-216 -248 -160 ) (0 -248 -160 ) (0 -248 0 ) 
